// Jest Snapshot v1, https://goo.gl/fbAQLP

exports[`requires the right arguments 1`] = `"appId is required and should be a string, received undefined"`;

exports[`requires the right arguments 2`] = `"apiKey is required and should be a string, received undefined"`;

exports[`requires the right arguments 3`] = `"httpRequester is required and should be a function, received [object Object]"`;
