// Jest Snapshot v1, https://goo.gl/fbAQLP

exports[`initPlaces contains the correct methods 1`] = `
Array [
  "getPlace",
  "getPlaces",
  "search",
  "requester",
]
`;

exports[`initPlaces throws when it has an appId 1`] = `
"Credentials not valid: you gave an API key (some_key), and appId (places)

      initPlaces({\\"apiKey\\":\\"some_key\\"})"
`;

exports[`initPlaces throws when it has an appId 2`] = `
"Credentials not valid: you gave an API key (), and appId (some_app)

      initPlaces({\\"appId\\":\\"some_app\\"})"
`;
